// Jest Snapshot v1, https://goo.gl/fbAQLP

exports[`Header renders Header unchanged 1`] = `
<header
  className="header"
  data-testid="header"
>
  <h1
    className="title"
  >
    Title
  </h1>
  <p
    className="description"
  >
    This is a test.
  </p>
  <hr
    className="hr"
  />
</header>
`;
