// Jest Snapshot v1, https://goo.gl/fbAQLP

exports[`Card renders Card unchanged 1`] = `
<a
  className="card"
  data-testid="application-card"
  href="/"
  onClick={[Function]}
  onMouseEnter={[Function]}
  onMouseOut={[Function]}
  onMouseOver={[Function]}
  onTouchStart={[Function]}
>
  <span
    className="imgContainer"
  >
    <img
      alt="Card Title"
      className="img"
      data-nimg="1"
      decoding="async"
      height={140}
      loading="lazy"
      onError={[Function]}
      onLoad={[Function]}
      src="/_next/image?url=%2F&w=384&q=75"
      srcSet="/_next/image?url=%2F&w=256&q=75 1x, /_next/image?url=%2F&w=384&q=75 2x"
      style={
        {
          "color": "transparent",
        }
      }
      width={140}
    />
  </span>
  <div
    className="textContainer"
  >
    <div
      className="title"
    >
      Card Title
    </div>
    <div
      className="description"
    >
      Test description.
    </div>
  </div>
</a>
`;
